Component: ARM Compiler 5.05 update 1 (build 106) Tool: armlink [4d0efa]

==============================================================================

Section Cross References

    startup_rvmdk.o(RESET) refers to startup_rvmdk.o(STACK) for StackMem
    startup_rvmdk.o(RESET) refers to oled_display_functions.o(i.SysTick_Handler) for SysTick_Handler
    startup_rvmdk.o(RESET) refers to oled_display_functions.o(i.UART1IntHandler) for UART1IntHandler
    startup_rvmdk.o(RESET) refers to entry.o(.ARM.Collect$$$$00000000) for __main
    uartstdio.o(i.UARTStdioConfig) refers to sysctl.o(i.SysCtlPeripheralPresent) for SysCtlPeripheralPresent
    uartstdio.o(i.UARTStdioConfig) refers to sysctl.o(i.SysCtlPeripheralEnable) for SysCtlPeripheralEnable
    uartstdio.o(i.UARTStdioConfig) refers to uart.o(i.UARTConfigSetExpClk) for UARTConfigSetExpClk
    uartstdio.o(i.UARTStdioConfig) refers to uart.o(i.UARTEnable) for UARTEnable
    uartstdio.o(i.UARTStdioConfig) refers to uartstdio.o(.constdata) for .constdata
    uartstdio.o(i.UARTStdioConfig) refers to uartstdio.o(.data) for .data
    uartstdio.o(i.UARTgetc) refers to uart.o(i.UARTCharGet) for UARTCharGet
    uartstdio.o(i.UARTgetc) refers to uartstdio.o(.data) for .data
    uartstdio.o(i.UARTgets) refers to uart.o(i.UARTCharGet) for UARTCharGet
    uartstdio.o(i.UARTgets) refers to uart.o(i.UARTCharPut) for UARTCharPut
    uartstdio.o(i.UARTgets) refers to uartstdio.o(i.UARTwrite) for UARTwrite
    uartstdio.o(i.UARTgets) refers to uartstdio.o(.data) for .data
    uartstdio.o(i.UARTprintf) refers to uartstdio.o(i.UARTvprintf) for UARTvprintf
    uartstdio.o(i.UARTvprintf) refers to uartstdio.o(i.UARTwrite) for UARTwrite
    uartstdio.o(i.UARTvprintf) refers to uartstdio.o(.constdata) for .constdata
    uartstdio.o(i.UARTwrite) refers to uart.o(i.UARTCharPut) for UARTCharPut
    uartstdio.o(i.UARTwrite) refers to uartstdio.o(.data) for .data
    uartstdio.o(.constdata) refers to uartstdio.o(.conststring) for .conststring
    oled_display_functions.o(i.InitConsole) refers to sysctl.o(i.SysCtlPeripheralEnable) for SysCtlPeripheralEnable
    oled_display_functions.o(i.InitConsole) refers to gpio.o(i.GPIOPinConfigure) for GPIOPinConfigure
    oled_display_functions.o(i.InitConsole) refers to gpio.o(i.GPIOPinTypeUART) for GPIOPinTypeUART
    oled_display_functions.o(i.InitConsole) refers to uart.o(i.UARTClockSourceSet) for UARTClockSourceSet
    oled_display_functions.o(i.InitConsole) refers to uartstdio.o(i.UARTStdioConfig) for UARTStdioConfig
    oled_display_functions.o(i.SendStr) refers to uart.o(i.UARTIntDisable) for UARTIntDisable
    oled_display_functions.o(i.SendStr) refers to uartstdio.o(i.UARTprintf) for UARTprintf
    oled_display_functions.o(i.SendStr) refers to uart.o(i.UARTCharPut) for UARTCharPut
    oled_display_functions.o(i.SendStr) refers to uart.o(i.UARTSpaceAvail) for UARTSpaceAvail
    oled_display_functions.o(i.SendStr) refers to uart.o(i.UARTIntEnable) for UARTIntEnable
    oled_display_functions.o(i.SendStr) refers to oled_display_functions.o(.data) for .data
    oled_display_functions.o(i.SendStr) refers to oled_display_functions.o(.bss) for .bss
    oled_display_functions.o(i.SysTick_Handler) refers to gpio.o(i.GPIOIntClear) for GPIOIntClear
    oled_display_functions.o(i.SysTick_Handler) refers to systick.o(i.SysTickValueGet) for SysTickValueGet
    oled_display_functions.o(i.SysTick_Handler) refers to systick.o(i.SysTickPeriodSet) for SysTickPeriodSet
    oled_display_functions.o(i.SysTick_Handler) refers to oled_display_functions.o(.data) for .data
    oled_display_functions.o(i.SysTick_Handler) refers to oled_display_functions.o(.bss) for .bss
    oled_display_functions.o(i.UART1IntHandler) refers to uart.o(i.UARTIntStatus) for UARTIntStatus
    oled_display_functions.o(i.UART1IntHandler) refers to uart.o(i.UARTIntClear) for UARTIntClear
    oled_display_functions.o(i.UART1IntHandler) refers to uart.o(i.UARTCharGet) for UARTCharGet
    oled_display_functions.o(i.UART1IntHandler) refers to uartstdio.o(i.UARTprintf) for UARTprintf
    oled_display_functions.o(i.UART1IntHandler) refers to oled_display_functions.o(i.drawChar) for drawChar
    oled_display_functions.o(i.UART1IntHandler) refers to oled_display_functions.o(i.fillRect) for fillRect
    oled_display_functions.o(i.UART1IntHandler) refers to uart.o(i.UARTCharsAvail) for UARTCharsAvail
    oled_display_functions.o(i.UART1IntHandler) refers to oled_display_functions.o(.data) for .data
    oled_display_functions.o(i.begin) refers to oled_display_functions.o(i.writeCommand) for writeCommand
    oled_display_functions.o(i.begin) refers to oled_display_functions.o(i.writeData) for writeData
    oled_display_functions.o(i.configureUART1) refers to sysctl.o(i.SysCtlPeripheralEnable) for SysCtlPeripheralEnable
    oled_display_functions.o(i.configureUART1) refers to gpio.o(i.GPIOPinConfigure) for GPIOPinConfigure
    oled_display_functions.o(i.configureUART1) refers to gpio.o(i.GPIOPinTypeUART) for GPIOPinTypeUART
    oled_display_functions.o(i.configureUART1) refers to uart.o(i.UARTClockSourceSet) for UARTClockSourceSet
    oled_display_functions.o(i.configureUART1) refers to uart.o(i.UARTConfigSetExpClk) for UARTConfigSetExpClk
    oled_display_functions.o(i.configureUART1) refers to interrupt.o(i.IntEnable) for IntEnable
    oled_display_functions.o(i.configureUART1) refers to uart.o(i.UARTIntEnable) for UARTIntEnable
    oled_display_functions.o(i.configureUART1) refers to interrupt.o(i.IntMasterEnable) for IntMasterEnable
    oled_display_functions.o(i.drawChar) refers to oled_display_functions.o(i.fillRect) for fillRect
    oled_display_functions.o(i.drawChar) refers to oled_display_functions.o(i.drawPixel) for drawPixel
    oled_display_functions.o(i.drawChar) refers to oled_display_functions.o(.data) for .data
    oled_display_functions.o(i.drawChar) refers to oled_display_functions.o(.constdata) for .constdata
    oled_display_functions.o(i.drawFastHLine) refers to oled_display_functions.o(i.rawFastHLine) for rawFastHLine
    oled_display_functions.o(i.drawFastVLine) refers to oled_display_functions.o(i.rawFastVLine) for rawFastVLine
    oled_display_functions.o(i.drawLine) refers to oled_display_functions.o(i.drawPixel) for drawPixel
    oled_display_functions.o(i.drawPixel) refers to oled_display_functions.o(i.goTo) for goTo
    oled_display_functions.o(i.drawPixel) refers to oled_display_functions.o(i.writeData) for writeData
    oled_display_functions.o(i.fillRect) refers to uartstdio.o(i.UARTprintf) for UARTprintf
    oled_display_functions.o(i.fillRect) refers to oled_display_functions.o(i.rawFillRect) for rawFillRect
    oled_display_functions.o(i.fillScreen) refers to oled_display_functions.o(i.fillRect) for fillRect
    oled_display_functions.o(i.goTo) refers to oled_display_functions.o(i.writeCommand) for writeCommand
    oled_display_functions.o(i.goTo) refers to oled_display_functions.o(i.writeData) for writeData
    oled_display_functions.o(i.initializeIRInterrupts) refers to sysctl.o(i.SysCtlPeripheralEnable) for SysCtlPeripheralEnable
    oled_display_functions.o(i.initializeIRInterrupts) refers to gpio.o(i.GPIOPinTypeGPIOInput) for GPIOPinTypeGPIOInput
    oled_display_functions.o(i.initializeIRInterrupts) refers to gpio.o(i.GPIOPinTypeGPIOOutput) for GPIOPinTypeGPIOOutput
    oled_display_functions.o(i.initializeIRInterrupts) refers to gpio.o(i.GPIOIntTypeSet) for GPIOIntTypeSet
    oled_display_functions.o(i.initializeIRInterrupts) refers to gpio.o(i.GPIOIntEnable) for GPIOIntEnable
    oled_display_functions.o(i.initializeIRInterrupts) refers to interrupt.o(i.IntEnable) for IntEnable
    oled_display_functions.o(i.initializeIRInterrupts) refers to interrupt.o(i.IntMasterEnable) for IntMasterEnable
    oled_display_functions.o(i.initializeIRInterrupts) refers to gpio.o(i.GPIOPinWrite) for GPIOPinWrite
    oled_display_functions.o(i.initializeIRInterrupts) refers to systick.o(i.SysTickPeriodSet) for SysTickPeriodSet
    oled_display_functions.o(i.initializeIRInterrupts) refers to systick.o(i.SysTickEnable) for SysTickEnable
    oled_display_functions.o(i.initializeIRInterrupts) refers to oled_display_functions.o(.data) for .data
    oled_display_functions.o(i.initializePins) refers to sysctl.o(i.SysCtlClockSet) for SysCtlClockSet
    oled_display_functions.o(i.initializePins) refers to uartstdio.o(i.UARTprintf) for UARTprintf
    oled_display_functions.o(i.initializePins) refers to sysctl.o(i.SysCtlPeripheralEnable) for SysCtlPeripheralEnable
    oled_display_functions.o(i.initializePins) refers to gpio.o(i.GPIOPinConfigure) for GPIOPinConfigure
    oled_display_functions.o(i.initializePins) refers to gpio.o(i.GPIOPinTypeGPIOOutput) for GPIOPinTypeGPIOOutput
    oled_display_functions.o(i.initializePins) refers to gpio.o(i.GPIOPinTypeSSI) for GPIOPinTypeSSI
    oled_display_functions.o(i.initializePins) refers to sysctl.o(i.SysCtlClockGet) for SysCtlClockGet
    oled_display_functions.o(i.initializePins) refers to ssi.o(i.SSIConfigSetExpClk) for SSIConfigSetExpClk
    oled_display_functions.o(i.initializePins) refers to ssi.o(i.SSIEnable) for SSIEnable
    oled_display_functions.o(i.main) refers to oled_display_functions.o(i.InitConsole) for InitConsole
    oled_display_functions.o(i.main) refers to oled_display_functions.o(i.initializePins) for initializePins
    oled_display_functions.o(i.main) refers to gpio.o(i.GPIOPinWrite) for GPIOPinWrite
    oled_display_functions.o(i.main) refers to oled_display_functions.o(i.begin) for begin
    oled_display_functions.o(i.main) refers to oled_display_functions.o(i.initializeIRInterrupts) for initializeIRInterrupts
    oled_display_functions.o(i.main) refers to oled_display_functions.o(i.configureUART1) for configureUART1
    oled_display_functions.o(i.main) refers to oled_display_functions.o(i.fillScreen) for fillScreen
    oled_display_functions.o(i.main) refers to oled_display_functions.o(i.rawFastHLine) for rawFastHLine
    oled_display_functions.o(i.main) refers to gpio.o(i.GPIOIntClear) for GPIOIntClear
    oled_display_functions.o(i.main) refers to gpio.o(i.GPIOIntDisable) for GPIOIntDisable
    oled_display_functions.o(i.main) refers to uartstdio.o(i.UARTprintf) for UARTprintf
    oled_display_functions.o(i.main) refers to oled_display_functions.o(i.fillRect) for fillRect
    oled_display_functions.o(i.main) refers to oled_display_functions.o(i.drawChar) for drawChar
    oled_display_functions.o(i.main) refers to oled_display_functions.o(i.SendStr) for SendStr
    oled_display_functions.o(i.main) refers to sysctl.o(i.SysCtlClockGet) for SysCtlClockGet
    oled_display_functions.o(i.main) refers to sysctl.o(.emb_text) for SysCtlDelay
    oled_display_functions.o(i.main) refers to gpio.o(i.GPIOIntEnable) for GPIOIntEnable
    oled_display_functions.o(i.main) refers to oled_display_functions.o(.data) for .data
    oled_display_functions.o(i.main) refers to oled_display_functions.o(.bss) for .bss
    oled_display_functions.o(i.rawFastHLine) refers to oled_display_functions.o(i.writeCommand) for writeCommand
    oled_display_functions.o(i.rawFastHLine) refers to oled_display_functions.o(i.writeData) for writeData
    oled_display_functions.o(i.rawFastVLine) refers to oled_display_functions.o(i.writeCommand) for writeCommand
    oled_display_functions.o(i.rawFastVLine) refers to oled_display_functions.o(i.writeData) for writeData
    oled_display_functions.o(i.rawFillRect) refers to oled_display_functions.o(i.writeCommand) for writeCommand
    oled_display_functions.o(i.rawFillRect) refers to oled_display_functions.o(i.writeData) for writeData
    oled_display_functions.o(i.writeCommand) refers to ssi.o(i.SSIBusy) for SSIBusy
    oled_display_functions.o(i.writeCommand) refers to gpio.o(i.GPIOPinWrite) for GPIOPinWrite
    oled_display_functions.o(i.writeCommand) refers to ssi.o(i.SSIDataPut) for SSIDataPut
    oled_display_functions.o(i.writeData) refers to gpio.o(i.GPIOPinWrite) for GPIOPinWrite
    oled_display_functions.o(i.writeData) refers to ssi.o(i.SSIDataPut) for SSIDataPut
    gpio.o(i.GPIOIntRegister) refers to interrupt.o(i.IntRegister) for IntRegister
    gpio.o(i.GPIOIntRegister) refers to interrupt.o(i.IntEnable) for IntEnable
    gpio.o(i.GPIOIntRegister) refers to gpio.o(.constdata) for .constdata
    gpio.o(i.GPIOIntUnregister) refers to interrupt.o(i.IntDisable) for IntDisable
    gpio.o(i.GPIOIntUnregister) refers to interrupt.o(i.IntUnregister) for IntUnregister
    gpio.o(i.GPIOIntUnregister) refers to gpio.o(.constdata) for .constdata
    gpio.o(i.GPIOPinConfigure) refers to gpio.o(.constdata) for .constdata
    gpio.o(i.GPIOPinTypeADC) refers to gpio.o(i.GPIODirModeSet) for GPIODirModeSet
    gpio.o(i.GPIOPinTypeADC) refers to gpio.o(i.GPIOPadConfigSet) for GPIOPadConfigSet
    gpio.o(i.GPIOPinTypeCAN) refers to gpio.o(i.GPIODirModeSet) for GPIODirModeSet
    gpio.o(i.GPIOPinTypeCAN) refers to gpio.o(i.GPIOPadConfigSet) for GPIOPadConfigSet
    gpio.o(i.GPIOPinTypeComparator) refers to gpio.o(i.GPIODirModeSet) for GPIODirModeSet
    gpio.o(i.GPIOPinTypeComparator) refers to gpio.o(i.GPIOPadConfigSet) for GPIOPadConfigSet
    gpio.o(i.GPIOPinTypeEPI) refers to gpio.o(i.GPIODirModeSet) for GPIODirModeSet
    gpio.o(i.GPIOPinTypeEPI) refers to gpio.o(i.GPIOPadConfigSet) for GPIOPadConfigSet
    gpio.o(i.GPIOPinTypeEthernetLED) refers to gpio.o(i.GPIODirModeSet) for GPIODirModeSet
    gpio.o(i.GPIOPinTypeEthernetLED) refers to gpio.o(i.GPIOPadConfigSet) for GPIOPadConfigSet
    gpio.o(i.GPIOPinTypeEthernetMII) refers to gpio.o(i.GPIODirModeSet) for GPIODirModeSet
    gpio.o(i.GPIOPinTypeEthernetMII) refers to gpio.o(i.GPIOPadConfigSet) for GPIOPadConfigSet
    gpio.o(i.GPIOPinTypeFan) refers to gpio.o(i.GPIODirModeSet) for GPIODirModeSet
    gpio.o(i.GPIOPinTypeFan) refers to gpio.o(i.GPIOPadConfigSet) for GPIOPadConfigSet
    gpio.o(i.GPIOPinTypeGPIOInput) refers to gpio.o(i.GPIODirModeSet) for GPIODirModeSet
    gpio.o(i.GPIOPinTypeGPIOInput) refers to gpio.o(i.GPIOPadConfigSet) for GPIOPadConfigSet
    gpio.o(i.GPIOPinTypeGPIOOutput) refers to gpio.o(i.GPIOPadConfigSet) for GPIOPadConfigSet
    gpio.o(i.GPIOPinTypeGPIOOutput) refers to gpio.o(i.GPIODirModeSet) for GPIODirModeSet
    gpio.o(i.GPIOPinTypeGPIOOutputOD) refers to gpio.o(i.GPIOPadConfigSet) for GPIOPadConfigSet
    gpio.o(i.GPIOPinTypeGPIOOutputOD) refers to gpio.o(i.GPIODirModeSet) for GPIODirModeSet
    gpio.o(i.GPIOPinTypeI2C) refers to gpio.o(i.GPIODirModeSet) for GPIODirModeSet
    gpio.o(i.GPIOPinTypeI2C) refers to gpio.o(i.GPIOPadConfigSet) for GPIOPadConfigSet
    gpio.o(i.GPIOPinTypeI2CSCL) refers to gpio.o(i.GPIODirModeSet) for GPIODirModeSet
    gpio.o(i.GPIOPinTypeI2CSCL) refers to gpio.o(i.GPIOPadConfigSet) for GPIOPadConfigSet
    gpio.o(i.GPIOPinTypeLPC) refers to gpio.o(i.GPIODirModeSet) for GPIODirModeSet
    gpio.o(i.GPIOPinTypeLPC) refers to gpio.o(i.GPIOPadConfigSet) for GPIOPadConfigSet
    gpio.o(i.GPIOPinTypePECIRx) refers to gpio.o(i.GPIODirModeSet) for GPIODirModeSet
    gpio.o(i.GPIOPinTypePECIRx) refers to gpio.o(i.GPIOPadConfigSet) for GPIOPadConfigSet
    gpio.o(i.GPIOPinTypePECITx) refers to gpio.o(i.GPIODirModeSet) for GPIODirModeSet
    gpio.o(i.GPIOPinTypePECITx) refers to gpio.o(i.GPIOPadConfigSet) for GPIOPadConfigSet
    gpio.o(i.GPIOPinTypePWM) refers to gpio.o(i.GPIODirModeSet) for GPIODirModeSet
    gpio.o(i.GPIOPinTypePWM) refers to gpio.o(i.GPIOPadConfigSet) for GPIOPadConfigSet
    gpio.o(i.GPIOPinTypeQEI) refers to gpio.o(i.GPIODirModeSet) for GPIODirModeSet
    gpio.o(i.GPIOPinTypeQEI) refers to gpio.o(i.GPIOPadConfigSet) for GPIOPadConfigSet
    gpio.o(i.GPIOPinTypeSSI) refers to gpio.o(i.GPIODirModeSet) for GPIODirModeSet
    gpio.o(i.GPIOPinTypeSSI) refers to gpio.o(i.GPIOPadConfigSet) for GPIOPadConfigSet
    gpio.o(i.GPIOPinTypeTimer) refers to gpio.o(i.GPIODirModeSet) for GPIODirModeSet
    gpio.o(i.GPIOPinTypeTimer) refers to gpio.o(i.GPIOPadConfigSet) for GPIOPadConfigSet
    gpio.o(i.GPIOPinTypeUART) refers to gpio.o(i.GPIODirModeSet) for GPIODirModeSet
    gpio.o(i.GPIOPinTypeUART) refers to gpio.o(i.GPIOPadConfigSet) for GPIOPadConfigSet
    gpio.o(i.GPIOPinTypeUSBAnalog) refers to gpio.o(i.GPIODirModeSet) for GPIODirModeSet
    gpio.o(i.GPIOPinTypeUSBAnalog) refers to gpio.o(i.GPIOPadConfigSet) for GPIOPadConfigSet
    gpio.o(i.GPIOPinTypeUSBDigital) refers to gpio.o(i.GPIODirModeSet) for GPIODirModeSet
    gpio.o(i.GPIOPinTypeUSBDigital) refers to gpio.o(i.GPIOPadConfigSet) for GPIOPadConfigSet
    interrupt.o(i.IntDisable) refers to interrupt.o(.constdata) for .constdata
    interrupt.o(i.IntEnable) refers to interrupt.o(.constdata) for .constdata
    interrupt.o(i.IntIsEnabled) refers to interrupt.o(.constdata) for .constdata
    interrupt.o(i.IntMasterDisable) refers to cpu.o(.emb_text) for CPUcpsid
    interrupt.o(i.IntMasterEnable) refers to cpu.o(.emb_text) for CPUcpsie
    interrupt.o(i.IntPendClear) refers to interrupt.o(.constdata) for .constdata
    interrupt.o(i.IntPendSet) refers to interrupt.o(.constdata) for .constdata
    interrupt.o(i.IntPriorityGet) refers to interrupt.o(.constdata) for .constdata
    interrupt.o(i.IntPriorityGroupingGet) refers to interrupt.o(.constdata) for .constdata
    interrupt.o(i.IntPriorityGroupingSet) refers to interrupt.o(.constdata) for .constdata
    interrupt.o(i.IntPriorityMaskGet) refers to cpu.o(.emb_text) for CPUbasepriGet
    interrupt.o(i.IntPriorityMaskSet) refers to cpu.o(.emb_text) for CPUbasepriSet
    interrupt.o(i.IntPrioritySet) refers to interrupt.o(.constdata) for .constdata
    interrupt.o(i.IntRegister) refers to interrupt.o(vtable) for vtable
    interrupt.o(i.IntUnregister) refers to interrupt.o(i._IntDefaultHandler) for _IntDefaultHandler
    interrupt.o(i.IntUnregister) refers to interrupt.o(vtable) for vtable
    ssi.o(i.SSIIntRegister) refers to interrupt.o(i.IntRegister) for IntRegister
    ssi.o(i.SSIIntRegister) refers to interrupt.o(i.IntEnable) for IntEnable
    ssi.o(i.SSIIntRegister) refers to ssi.o(.constdata) for .constdata
    ssi.o(i.SSIIntUnregister) refers to interrupt.o(i.IntDisable) for IntDisable
    ssi.o(i.SSIIntUnregister) refers to interrupt.o(i.IntUnregister) for IntUnregister
    ssi.o(i.SSIIntUnregister) refers to ssi.o(.constdata) for .constdata
    sysctl.o(i.SysCtlClockGet) refers to sysctl.o(.constdata) for .constdata
    sysctl.o(i.SysCtlClockSet) refers to sysctl.o(.emb_text) for SysCtlDelay
    sysctl.o(i.SysCtlDeepSleep) refers to cpu.o(.emb_text) for CPUwfi
    sysctl.o(i.SysCtlIntRegister) refers to interrupt.o(i.IntRegister) for IntRegister
    sysctl.o(i.SysCtlIntRegister) refers to interrupt.o(i.IntEnable) for IntEnable
    sysctl.o(i.SysCtlIntUnregister) refers to interrupt.o(i.IntDisable) for IntDisable
    sysctl.o(i.SysCtlIntUnregister) refers to interrupt.o(i.IntUnregister) for IntUnregister
    sysctl.o(i.SysCtlSleep) refers to cpu.o(.emb_text) for CPUwfi
    systick.o(i.SysTickIntRegister) refers to interrupt.o(i.IntRegister) for IntRegister
    systick.o(i.SysTickIntUnregister) refers to interrupt.o(i.IntUnregister) for IntUnregister
    uart.o(i.UARTIntRegister) refers to interrupt.o(i.IntRegister) for IntRegister
    uart.o(i.UARTIntRegister) refers to interrupt.o(i.IntEnable) for IntEnable
    uart.o(i.UARTIntRegister) refers to uart.o(.constdata) for .constdata
    uart.o(i.UARTIntUnregister) refers to interrupt.o(i.IntDisable) for IntDisable
    uart.o(i.UARTIntUnregister) refers to interrupt.o(i.IntUnregister) for IntUnregister
    uart.o(i.UARTIntUnregister) refers to uart.o(.constdata) for .constdata
    entry.o(.ARM.Collect$$$$00000000) refers (Special) to entry10a.o(.ARM.Collect$$$$0000000D) for __rt_final_cpp
    entry.o(.ARM.Collect$$$$00000000) refers (Special) to entry11a.o(.ARM.Collect$$$$0000000F) for __rt_final_exit
    entry.o(.ARM.Collect$$$$00000000) refers (Special) to entry7b.o(.ARM.Collect$$$$00000008) for _main_clock
    entry.o(.ARM.Collect$$$$00000000) refers (Special) to entry8b.o(.ARM.Collect$$$$0000000A) for _main_cpp_init
    entry.o(.ARM.Collect$$$$00000000) refers (Special) to entry9a.o(.ARM.Collect$$$$0000000B) for _main_init
    entry.o(.ARM.Collect$$$$00000000) refers (Special) to entry5.o(.ARM.Collect$$$$00000004) for _main_scatterload
    entry.o(.ARM.Collect$$$$00000000) refers (Special) to entry2.o(.ARM.Collect$$$$00000001) for _main_stk
    entry2.o(.ARM.Collect$$$$00000001) refers to entry2.o(.ARM.Collect$$$$00002712) for __lit__00000000
    entry2.o(.ARM.Collect$$$$00002712) refers to startup_rvmdk.o(STACK) for __initial_sp
    entry2.o(__vectab_stack_and_reset_area) refers to startup_rvmdk.o(STACK) for __initial_sp
    entry2.o(__vectab_stack_and_reset_area) refers to entry.o(.ARM.Collect$$$$00000000) for __main
    entry5.o(.ARM.Collect$$$$00000004) refers to init.o(.text) for __scatterload
    entry9a.o(.ARM.Collect$$$$0000000B) refers to oled_display_functions.o(i.main) for main
    entry9b.o(.ARM.Collect$$$$0000000C) refers to oled_display_functions.o(i.main) for main
    init.o(.text) refers to entry5.o(.ARM.Collect$$$$00000004) for __main_after_scatterload


==============================================================================

Removing Unused input sections from the image.

    Removing startup_rvmdk.o(HEAP), (0 bytes).
    Removing startup_rvmdk.o(.text), (0 bytes).
    Removing uartstdio.o(i.UARTgetc), (20 bytes).
    Removing uartstdio.o(i.UARTgets), (120 bytes).
    Removing oled_display_functions.o(i.Color565), (16 bytes).
    Removing oled_display_functions.o(i.drawFastHLine), (4 bytes).
    Removing oled_display_functions.o(i.drawFastVLine), (4 bytes).
    Removing oled_display_functions.o(i.drawLine), (122 bytes).
    Removing oled_display_functions.o(i.getRotation), (4 bytes).
    Removing oled_display_functions.o(i.rawFastVLine), (104 bytes).
    Removing oled_display_functions.o(i.swap), (2 bytes).
    Removing gpio.o(i.GPIOADCTriggerDisable), (14 bytes).
    Removing gpio.o(i.GPIOADCTriggerEnable), (14 bytes).
    Removing gpio.o(i.GPIODMATriggerDisable), (14 bytes).
    Removing gpio.o(i.GPIODMATriggerEnable), (14 bytes).
    Removing gpio.o(i.GPIODirModeGet), (34 bytes).
    Removing gpio.o(i.GPIOIntRegister), (56 bytes).
    Removing gpio.o(i.GPIOIntStatus), (14 bytes).
    Removing gpio.o(i.GPIOIntTypeGet), (68 bytes).
    Removing gpio.o(i.GPIOIntUnregister), (52 bytes).
    Removing gpio.o(i.GPIOPadConfigGet), (140 bytes).
    Removing gpio.o(i.GPIOPinRead), (6 bytes).
    Removing gpio.o(i.GPIOPinTypeADC), (28 bytes).
    Removing gpio.o(i.GPIOPinTypeCAN), (28 bytes).
    Removing gpio.o(i.GPIOPinTypeComparator), (28 bytes).
    Removing gpio.o(i.GPIOPinTypeEPI), (28 bytes).
    Removing gpio.o(i.GPIOPinTypeEthernetLED), (28 bytes).
    Removing gpio.o(i.GPIOPinTypeEthernetMII), (28 bytes).
    Removing gpio.o(i.GPIOPinTypeFan), (28 bytes).
    Removing gpio.o(i.GPIOPinTypeGPIOOutputOD), (28 bytes).
    Removing gpio.o(i.GPIOPinTypeI2C), (28 bytes).
    Removing gpio.o(i.GPIOPinTypeI2CSCL), (28 bytes).
    Removing gpio.o(i.GPIOPinTypeLPC), (28 bytes).
    Removing gpio.o(i.GPIOPinTypePECIRx), (28 bytes).
    Removing gpio.o(i.GPIOPinTypePECITx), (28 bytes).
    Removing gpio.o(i.GPIOPinTypePWM), (28 bytes).
    Removing gpio.o(i.GPIOPinTypeQEI), (28 bytes).
    Removing gpio.o(i.GPIOPinTypeTimer), (28 bytes).
    Removing gpio.o(i.GPIOPinTypeUSBAnalog), (28 bytes).
    Removing gpio.o(i.GPIOPinTypeUSBDigital), (28 bytes).
    Removing interrupt.o(i.IntDisable), (100 bytes).
    Removing interrupt.o(i.IntIsEnabled), (96 bytes).
    Removing interrupt.o(i.IntMasterDisable), (14 bytes).
    Removing interrupt.o(i.IntPendClear), (68 bytes).
    Removing interrupt.o(i.IntPendSet), (84 bytes).
    Removing interrupt.o(i.IntPriorityGet), (28 bytes).
    Removing interrupt.o(i.IntPriorityGroupingGet), (36 bytes).
    Removing interrupt.o(i.IntPriorityGroupingSet), (28 bytes).
    Removing interrupt.o(i.IntPriorityMaskGet), (4 bytes).
    Removing interrupt.o(i.IntPriorityMaskSet), (4 bytes).
    Removing interrupt.o(i.IntPrioritySet), (40 bytes).
    Removing interrupt.o(i.IntRegister), (52 bytes).
    Removing interrupt.o(i.IntTrigger), (12 bytes).
    Removing interrupt.o(i.IntUnregister), (20 bytes).
    Removing interrupt.o(i._IntDefaultHandler), (2 bytes).
    Removing interrupt.o(vtable), (620 bytes).
    Removing ssi.o(i.SSIClockSourceGet), (6 bytes).
    Removing ssi.o(i.SSIClockSourceSet), (6 bytes).
    Removing ssi.o(i.SSIDMADisable), (10 bytes).
    Removing ssi.o(i.SSIDMAEnable), (8 bytes).
    Removing ssi.o(i.SSIDataGet), (14 bytes).
    Removing ssi.o(i.SSIDataGetNonBlocking), (20 bytes).
    Removing ssi.o(i.SSIDataPutNonBlocking), (16 bytes).
    Removing ssi.o(i.SSIDisable), (10 bytes).
    Removing ssi.o(i.SSIIntClear), (4 bytes).
    Removing ssi.o(i.SSIIntDisable), (10 bytes).
    Removing ssi.o(i.SSIIntEnable), (8 bytes).
    Removing ssi.o(i.SSIIntRegister), (56 bytes).
    Removing ssi.o(i.SSIIntStatus), (10 bytes).
    Removing ssi.o(i.SSIIntUnregister), (52 bytes).
    Removing ssi.o(.constdata), (32 bytes).
    Removing sysctl.o(i.SysCtlADCSpeedGet), (16 bytes).
    Removing sysctl.o(i.SysCtlADCSpeedSet), (28 bytes).
    Removing sysctl.o(i.SysCtlDeepSleep), (32 bytes).
    Removing sysctl.o(i.SysCtlDeepSleepClockSet), (12 bytes).
    Removing sysctl.o(i.SysCtlFlashSizeGet), (20 bytes).
    Removing sysctl.o(i.SysCtlGPIOAHBDisable), (28 bytes).
    Removing sysctl.o(i.SysCtlGPIOAHBEnable), (24 bytes).
    Removing sysctl.o(i.SysCtlIntClear), (12 bytes).
    Removing sysctl.o(i.SysCtlIntDisable), (16 bytes).
    Removing sysctl.o(i.SysCtlIntEnable), (16 bytes).
    Removing sysctl.o(i.SysCtlIntRegister), (20 bytes).
    Removing sysctl.o(i.SysCtlIntStatus), (16 bytes).
    Removing sysctl.o(i.SysCtlIntUnregister), (18 bytes).
    Removing sysctl.o(i.SysCtlMOSCConfigSet), (12 bytes).
    Removing sysctl.o(i.SysCtlPIOSCCalibrate), (76 bytes).
    Removing sysctl.o(i.SysCtlPWMClockGet), (24 bytes).
    Removing sysctl.o(i.SysCtlPWMClockSet), (20 bytes).
    Removing sysctl.o(i.SysCtlPeripheralClockGating), (24 bytes).
    Removing sysctl.o(i.SysCtlPeripheralDeepSleepDisable), (40 bytes).
    Removing sysctl.o(i.SysCtlPeripheralDeepSleepEnable), (40 bytes).
    Removing sysctl.o(i.SysCtlPeripheralDisable), (40 bytes).
    Removing sysctl.o(i.SysCtlPeripheralPowerOff), (40 bytes).
    Removing sysctl.o(i.SysCtlPeripheralPowerOn), (40 bytes).
    Removing sysctl.o(i.SysCtlPeripheralReady), (44 bytes).
    Removing sysctl.o(i.SysCtlPeripheralReset), (60 bytes).
    Removing sysctl.o(i.SysCtlPeripheralSleepDisable), (40 bytes).
    Removing sysctl.o(i.SysCtlPeripheralSleepEnable), (40 bytes).
    Removing sysctl.o(i.SysCtlReset), (16 bytes).
    Removing sysctl.o(i.SysCtlResetCauseClear), (16 bytes).
    Removing sysctl.o(i.SysCtlResetCauseGet), (12 bytes).
    Removing sysctl.o(i.SysCtlSRAMSizeGet), (16 bytes).
    Removing sysctl.o(i.SysCtlSleep), (4 bytes).
    Removing sysctl.o(i.SysCtlUSBPLLDisable), (16 bytes).
    Removing sysctl.o(i.SysCtlUSBPLLEnable), (16 bytes).
    Removing sysctl.o(.data), (4 bytes).
    Removing sysctl.o(.data), (4 bytes).
    Removing sysctl.o(.data), (4 bytes).
    Removing sysctl.o(.data), (4 bytes).
    Removing sysctl.o(.data), (1 bytes).
    Removing systick.o(i.SysTickDisable), (14 bytes).
    Removing systick.o(i.SysTickIntDisable), (14 bytes).
    Removing systick.o(i.SysTickIntEnable), (14 bytes).
    Removing systick.o(i.SysTickIntRegister), (24 bytes).
    Removing systick.o(i.SysTickIntUnregister), (18 bytes).
    Removing systick.o(i.SysTickPeriodGet), (10 bytes).
    Removing uart.o(i.UART9BitAddrSend), (38 bytes).
    Removing uart.o(i.UART9BitAddrSet), (10 bytes).
    Removing uart.o(i.UART9BitDisable), (14 bytes).
    Removing uart.o(i.UART9BitEnable), (14 bytes).
    Removing uart.o(i.UARTBreakCtl), (18 bytes).
    Removing uart.o(i.UARTBusy), (8 bytes).
    Removing uart.o(i.UARTCharGetNonBlocking), (16 bytes).
    Removing uart.o(i.UARTCharPutNonBlocking), (16 bytes).
    Removing uart.o(i.UARTClockSourceGet), (6 bytes).
    Removing uart.o(i.UARTConfigGetExpClk), (46 bytes).
    Removing uart.o(i.UARTDMADisable), (10 bytes).
    Removing uart.o(i.UARTDMAEnable), (8 bytes).
    Removing uart.o(i.UARTDisable), (30 bytes).
    Removing uart.o(i.UARTDisableSIR), (10 bytes).
    Removing uart.o(i.UARTEnableSIR), (18 bytes).
    Removing uart.o(i.UARTFIFODisable), (10 bytes).
    Removing uart.o(i.UARTFIFOEnable), (10 bytes).
    Removing uart.o(i.UARTFIFOLevelGet), (16 bytes).
    Removing uart.o(i.UARTFIFOLevelSet), (6 bytes).
    Removing uart.o(i.UARTFlowControlGet), (8 bytes).
    Removing uart.o(i.UARTFlowControlSet), (12 bytes).
    Removing uart.o(i.UARTIntRegister), (56 bytes).
    Removing uart.o(i.UARTIntUnregister), (52 bytes).
    Removing uart.o(i.UARTModemControlClear), (14 bytes).
    Removing uart.o(i.UARTModemControlGet), (8 bytes).
    Removing uart.o(i.UARTModemControlSet), (12 bytes).
    Removing uart.o(i.UARTModemStatusGet), (10 bytes).
    Removing uart.o(i.UARTParityModeGet), (8 bytes).
    Removing uart.o(i.UARTParityModeSet), (12 bytes).
    Removing uart.o(i.UARTRxErrorClear), (6 bytes).
    Removing uart.o(i.UARTRxErrorGet), (8 bytes).
    Removing uart.o(i.UARTSmartCardDisable), (10 bytes).
    Removing uart.o(i.UARTSmartCardEnable), (22 bytes).
    Removing uart.o(i.UARTTxIntModeGet), (8 bytes).
    Removing uart.o(i.UARTTxIntModeSet), (12 bytes).
    Removing uart.o(.constdata), (64 bytes).

152 unused section(s) (total 4427 bytes) removed from the image.

==============================================================================

Image Symbol Table

    Local Symbols

    Symbol Name                              Value     Ov Type        Size  Object(Section)

    RESET                                    0x00000000   Section      648  startup_rvmdk.o(RESET)
    ../clib/microlib/init/entry.s            0x00000000   Number         0  entry2.o ABSOLUTE
    ../clib/microlib/init/entry.s            0x00000000   Number         0  entry11b.o ABSOLUTE
    ../clib/microlib/init/entry.s            0x00000000   Number         0  entry7b.o ABSOLUTE
    ../clib/microlib/init/entry.s            0x00000000   Number         0  entry11a.o ABSOLUTE
    ../clib/microlib/init/entry.s            0x00000000   Number         0  entry10b.o ABSOLUTE
    ../clib/microlib/init/entry.s            0x00000000   Number         0  entry9b.o ABSOLUTE
    ../clib/microlib/init/entry.s            0x00000000   Number         0  entry7a.o ABSOLUTE
    ../clib/microlib/init/entry.s            0x00000000   Number         0  entry9a.o ABSOLUTE
    ../clib/microlib/init/entry.s            0x00000000   Number         0  entry5.o ABSOLUTE
    ../clib/microlib/init/entry.s            0x00000000   Number         0  entry8a.o ABSOLUTE
    ../clib/microlib/init/entry.s            0x00000000   Number         0  entry8b.o ABSOLUTE
    ../clib/microlib/init/entry.s            0x00000000   Number         0  entry10a.o ABSOLUTE
    ../clib/microlib/init/entry.s            0x00000000   Number         0  entry.o ABSOLUTE
    C:\ti\TivaWare_C_Series-1.1\utils\uartstdio.c 0x00000000   Number         0  uartstdio.o ABSOLUTE
    cpu.c                                    0x00000000   Number         0  cpu.o ABSOLUTE
    cpu.c                                    0x00000000   Number         0  cpu.o ABSOLUTE
    dc.s                                     0x00000000   Number         0  dc.o ABSOLUTE
    glcdfont.c                               0x00000000   Number         0  glcdfont.o ABSOLUTE
    gpio.c                                   0x00000000   Number         0  gpio.o ABSOLUTE
    handlers.s                               0x00000000   Number         0  handlers.o ABSOLUTE
    init.s                                   0x00000000   Number         0  init.o ABSOLUTE
    interrupt.c                              0x00000000   Number         0  interrupt.o ABSOLUTE
    oled_display_functions.c                 0x00000000   Number         0  oled_display_functions.o ABSOLUTE
    ssi.c                                    0x00000000   Number         0  ssi.o ABSOLUTE
    startup_rvmdk.S                          0x00000000   Number         0  startup_rvmdk.o ABSOLUTE
    sysctl.c                                 0x00000000   Number         0  sysctl.o ABSOLUTE
    sysctl.c                                 0x00000000   Number         0  sysctl.o ABSOLUTE
    systick.c                                0x00000000   Number         0  systick.o ABSOLUTE
    uart.c                                   0x00000000   Number         0  uart.o ABSOLUTE
    $v0                                      0x0000026c   Number         0  startup_rvmdk.o(RESET)
    NmiSR                                    0x00000281   Thumb Code     0  startup_rvmdk.o(RESET)
    FaultISR                                 0x00000283   Thumb Code     0  startup_rvmdk.o(RESET)
    IntDefaultHandler                        0x00000285   Thumb Code     0  startup_rvmdk.o(RESET)
    .ARM.Collect$$$$00000000                 0x00000288   Section        0  entry.o(.ARM.Collect$$$$00000000)
    .ARM.Collect$$$$00000001                 0x00000288   Section        4  entry2.o(.ARM.Collect$$$$00000001)
    .ARM.Collect$$$$00000004                 0x0000028c   Section        4  entry5.o(.ARM.Collect$$$$00000004)
    .ARM.Collect$$$$00000008                 0x00000290   Section        0  entry7b.o(.ARM.Collect$$$$00000008)
    .ARM.Collect$$$$0000000A                 0x00000290   Section        0  entry8b.o(.ARM.Collect$$$$0000000A)
    .ARM.Collect$$$$0000000B                 0x00000290   Section        8  entry9a.o(.ARM.Collect$$$$0000000B)
    .ARM.Collect$$$$0000000D                 0x00000298   Section        0  entry10a.o(.ARM.Collect$$$$0000000D)
    .ARM.Collect$$$$0000000F                 0x00000298   Section        0  entry11a.o(.ARM.Collect$$$$0000000F)
    .ARM.Collect$$$$00002712                 0x00000298   Section        4  entry2.o(.ARM.Collect$$$$00002712)
    __lit__00000000                          0x00000298   Data           4  entry2.o(.ARM.Collect$$$$00002712)
    .emb_text                                0x0000029c   Section        6  sysctl.o(.emb_text)
    $v0                                      0x0000029c   Number         0  sysctl.o(.emb_text)
    .emb_text                                0x000002a4   Section       38  cpu.o(.emb_text)
    $v0                                      0x000002a4   Number         0  cpu.o(.emb_text)
    .text                                    0x000002cc   Section       36  init.o(.text)
    i.GPIODirModeSet                         0x000002f0   Section        0  gpio.o(i.GPIODirModeSet)
    i.GPIOIntClear                           0x00000318   Section        0  gpio.o(i.GPIOIntClear)
    i.GPIOIntDisable                         0x0000031e   Section        0  gpio.o(i.GPIOIntDisable)
    i.GPIOIntEnable                          0x0000032c   Section        0  gpio.o(i.GPIOIntEnable)
    i.GPIOIntTypeSet                         0x0000033a   Section        0  gpio.o(i.GPIOIntTypeSet)
    i.GPIOPadConfigSet                       0x0000038a   Section        0  gpio.o(i.GPIOPadConfigSet)
    i.GPIOPinConfigure                       0x0000043c   Section        0  gpio.o(i.GPIOPinConfigure)
    i.GPIOPinTypeGPIOInput                   0x00000484   Section        0  gpio.o(i.GPIOPinTypeGPIOInput)
    i.GPIOPinTypeGPIOOutput                  0x000004a0   Section        0  gpio.o(i.GPIOPinTypeGPIOOutput)
    i.GPIOPinTypeSSI                         0x000004bc   Section        0  gpio.o(i.GPIOPinTypeSSI)
    i.GPIOPinTypeUART                        0x000004d8   Section        0  gpio.o(i.GPIOPinTypeUART)
    i.GPIOPinWrite                           0x000004f4   Section        0  gpio.o(i.GPIOPinWrite)
    i.InitConsole                            0x000004fc   Section        0  oled_display_functions.o(i.InitConsole)
    i.IntEnable                              0x0000054c   Section        0  interrupt.o(i.IntEnable)
    i.IntMasterEnable                        0x000005b0   Section        0  interrupt.o(i.IntMasterEnable)
    i.SSIBusy                                0x000005be   Section        0  ssi.o(i.SSIBusy)
    i.SSIConfigSetExpClk                     0x000005c6   Section        0  ssi.o(i.SSIConfigSetExpClk)
    i.SSIDataPut                             0x00000610   Section        0  ssi.o(i.SSIDataPut)
    i.SSIEnable                              0x0000061c   Section        0  ssi.o(i.SSIEnable)
    i.SendStr                                0x00000628   Section        0  oled_display_functions.o(i.SendStr)
    i.SysCtlClockGet                         0x000006ac   Section        0  sysctl.o(i.SysCtlClockGet)
    i.SysCtlClockSet                         0x000007b8   Section        0  sysctl.o(i.SysCtlClockSet)
    i.SysCtlPeripheralEnable                 0x000008d4   Section        0  sysctl.o(i.SysCtlPeripheralEnable)
    i.SysCtlPeripheralPresent                0x000008fc   Section        0  sysctl.o(i.SysCtlPeripheralPresent)
    i.SysTickEnable                          0x00000928   Section        0  systick.o(i.SysTickEnable)
    i.SysTickPeriodSet                       0x00000936   Section        0  systick.o(i.SysTickPeriodSet)
    i.SysTickValueGet                        0x00000940   Section        0  systick.o(i.SysTickValueGet)
    i.SysTick_Handler                        0x00000948   Section        0  oled_display_functions.o(i.SysTick_Handler)
    i.UART1IntHandler                        0x000009c4   Section        0  oled_display_functions.o(i.UART1IntHandler)
    i.UARTCharGet                            0x00000a70   Section        0  uart.o(i.UARTCharGet)
    i.UARTCharPut                            0x00000a7c   Section        0  uart.o(i.UARTCharPut)
    i.UARTCharsAvail                         0x00000a88   Section        0  uart.o(i.UARTCharsAvail)
    i.UARTClockSourceSet                     0x00000a92   Section        0  uart.o(i.UARTClockSourceSet)
    i.UARTConfigSetExpClk                    0x00000a98   Section        0  uart.o(i.UARTConfigSetExpClk)
    i.UARTEnable                             0x00000b06   Section        0  uart.o(i.UARTEnable)
    i.UARTIntClear                           0x00000b1a   Section        0  uart.o(i.UARTIntClear)
    i.UARTIntDisable                         0x00000b1e   Section        0  uart.o(i.UARTIntDisable)
    i.UARTIntEnable                          0x00000b28   Section        0  uart.o(i.UARTIntEnable)
    i.UARTIntStatus                          0x00000b30   Section        0  uart.o(i.UARTIntStatus)
    i.UARTSpaceAvail                         0x00000b3a   Section        0  uart.o(i.UARTSpaceAvail)
    i.UARTStdioConfig                        0x00000b44   Section        0  uartstdio.o(i.UARTStdioConfig)
    i.UARTprintf                             0x00000b94   Section        0  uartstdio.o(i.UARTprintf)
    i.UARTvprintf                            0x00000ba8   Section        0  uartstdio.o(i.UARTvprintf)
    i.UARTwrite                              0x00000d5c   Section        0  uartstdio.o(i.UARTwrite)
    i.__scatterload_copy                     0x00000d90   Section       14  handlers.o(i.__scatterload_copy)
    i.__scatterload_null                     0x00000d9e   Section        2  handlers.o(i.__scatterload_null)
    i.__scatterload_zeroinit                 0x00000da0   Section       14  handlers.o(i.__scatterload_zeroinit)
    i.begin                                  0x00000dae   Section        0  oled_display_functions.o(i.begin)
    i.configureUART1                         0x00000eb8   Section        0  oled_display_functions.o(i.configureUART1)
    i.drawChar                               0x00000f24   Section        0  oled_display_functions.o(i.drawChar)
    i.drawPixel                              0x00000fd4   Section        0  oled_display_functions.o(i.drawPixel)
    i.fillRect                               0x00001000   Section        0  oled_display_functions.o(i.fillRect)
    i.fillScreen                             0x0000103c   Section        0  oled_display_functions.o(i.fillScreen)
    i.goTo                                   0x0000104e   Section        0  oled_display_functions.o(i.goTo)
    i.initializeIRInterrupts                 0x0000108c   Section        0  oled_display_functions.o(i.initializeIRInterrupts)
    i.initializePins                         0x00001104   Section        0  oled_display_functions.o(i.initializePins)
    i.main                                   0x000011c4   Section        0  oled_display_functions.o(i.main)
    i.rawFastHLine                           0x00001674   Section        0  oled_display_functions.o(i.rawFastHLine)
    i.rawFillRect                            0x000016dc   Section        0  oled_display_functions.o(i.rawFillRect)
    i.writeCommand                           0x00001754   Section        0  oled_display_functions.o(i.writeCommand)
    i.writeData                              0x00001788   Section        0  oled_display_functions.o(i.writeData)
    .constdata                               0x000017a8   Section       28  uartstdio.o(.constdata)
    g_pcHex                                  0x000017a8   Data           4  uartstdio.o(.constdata)
    g_ui32UARTBase                           0x000017ac   Data          12  uartstdio.o(.constdata)
    g_ui32UARTPeriph                         0x000017b8   Data          12  uartstdio.o(.constdata)
    .constdata                               0x000017c4   Section     1275  oled_display_functions.o(.constdata)
    font                                     0x000017c4   Data        1275  oled_display_functions.o(.constdata)
    .constdata                               0x00001cc0   Section      312  gpio.o(.constdata)
    g_ppui32GPIOIntMapBlizzard               0x00001cc0   Data         192  gpio.o(.constdata)
    g_pui32GPIOBaseAddrs                     0x00001d80   Data         120  gpio.o(.constdata)
    .constdata                               0x00001df8   Section      268  interrupt.o(.constdata)
    g_pui32Priority                          0x00001df8   Data          32  interrupt.o(.constdata)
    g_pui32Regs                              0x00001e18   Data         156  interrupt.o(.constdata)
    g_pui32EnRegs                            0x00001eb4   Data          20  interrupt.o(.constdata)
    g_pui32Dii16Regs                         0x00001ec8   Data          20  interrupt.o(.constdata)
    g_pui32PendRegs                          0x00001edc   Data          20  interrupt.o(.constdata)
    g_pui32UnpendRegs                        0x00001ef0   Data          20  interrupt.o(.constdata)
    .constdata                               0x00001f04   Section      108  sysctl.o(.constdata)
    g_pui32Xtals                             0x00001f04   Data         108  sysctl.o(.constdata)
    .conststring                             0x00001f70   Section       17  uartstdio.o(.conststring)
    .data                                    0x20000000   Section        8  uartstdio.o(.data)
    bLastWasCR                               0x20000000   Data           1  uartstdio.o(.data)
    g_ui32Base                               0x20000004   Data           4  uartstdio.o(.data)
    .data                                    0x20000008   Section       48  oled_display_functions.o(.data)
    .bss                                     0x20000038   Section      328  oled_display_functions.o(.bss)
    STACK                                    0x20000180   Section      512  startup_rvmdk.o(STACK)
    StackMem                                 0x20000180   Data           0  startup_rvmdk.o(STACK)

    Global Symbols

    Symbol Name                              Value     Ov Type        Size  Object(Section)

    BuildAttributes$$THM_ISAv4$E$P$D$K$B$S$7EM$VFPi3$EXTD16$VFPS$VFMA$PE$A:L22UL41UL21$X:L11$S22US41US21$IEEE1$IW$USESV6$~STKCKD$USESV7$~SHL$OTIME$EBA8$MICROLIB$REQ8$PRES8$EABIv2 0x00000000   Number         0  anon$$obj.o ABSOLUTE
    __ARM_use_no_argv                        0x00000000   Number         0  oled_display_functions.o ABSOLUTE
    __Vectors                                0x00000000   Data           0  startup_rvmdk.o(RESET)
    __cpp_initialize__aeabi_                  - Undefined Weak Reference
    __cxa_finalize                            - Undefined Weak Reference
    __decompress                              - Undefined Weak Reference
    _clock_init                               - Undefined Weak Reference
    _microlib_exit                            - Undefined Weak Reference
    Reset_Handler                            0x0000026d   Thumb Code     0  startup_rvmdk.o(RESET)
    __main                                   0x00000289   Thumb Code     0  entry.o(.ARM.Collect$$$$00000000)
    _main_stk                                0x00000289   Thumb Code     0  entry2.o(.ARM.Collect$$$$00000001)
    _main_scatterload                        0x0000028d   Thumb Code     0  entry5.o(.ARM.Collect$$$$00000004)
    __main_after_scatterload                 0x00000291   Thumb Code     0  entry5.o(.ARM.Collect$$$$00000004)
    _main_clock                              0x00000291   Thumb Code     0  entry7b.o(.ARM.Collect$$$$00000008)
    _main_cpp_init                           0x00000291   Thumb Code     0  entry8b.o(.ARM.Collect$$$$0000000A)
    _main_init                               0x00000291   Thumb Code     0  entry9a.o(.ARM.Collect$$$$0000000B)
    __rt_final_cpp                           0x00000299   Thumb Code     0  entry10a.o(.ARM.Collect$$$$0000000D)
    __rt_final_exit                          0x00000299   Thumb Code     0  entry11a.o(.ARM.Collect$$$$0000000F)
    SysCtlDelay                              0x0000029d   Thumb Code     6  sysctl.o(.emb_text)
    CPUcpsid                                 0x000002a5   Thumb Code     8  cpu.o(.emb_text)
    CPUprimask                               0x000002ad   Thumb Code     6  cpu.o(.emb_text)
    CPUcpsie                                 0x000002b3   Thumb Code     8  cpu.o(.emb_text)
    CPUwfi                                   0x000002bb   Thumb Code     4  cpu.o(.emb_text)
    CPUbasepriSet                            0x000002bf   Thumb Code     6  cpu.o(.emb_text)
    CPUbasepriGet                            0x000002c5   Thumb Code     6  cpu.o(.emb_text)
    __scatterload                            0x000002cd   Thumb Code    28  init.o(.text)
    __scatterload_rt2                        0x000002cd   Thumb Code     0  init.o(.text)
    GPIODirModeSet                           0x000002f1   Thumb Code    40  gpio.o(i.GPIODirModeSet)
    GPIOIntClear                             0x00000319   Thumb Code     6  gpio.o(i.GPIOIntClear)
    GPIOIntDisable                           0x0000031f   Thumb Code    14  gpio.o(i.GPIOIntDisable)
    GPIOIntEnable                            0x0000032d   Thumb Code    14  gpio.o(i.GPIOIntEnable)
    GPIOIntTypeSet                           0x0000033b   Thumb Code    80  gpio.o(i.GPIOIntTypeSet)
    GPIOPadConfigSet                         0x0000038b   Thumb Code   176  gpio.o(i.GPIOPadConfigSet)
    GPIOPinConfigure                         0x0000043d   Thumb Code    64  gpio.o(i.GPIOPinConfigure)
    GPIOPinTypeGPIOInput                     0x00000485   Thumb Code    28  gpio.o(i.GPIOPinTypeGPIOInput)
    GPIOPinTypeGPIOOutput                    0x000004a1   Thumb Code    28  gpio.o(i.GPIOPinTypeGPIOOutput)
    GPIOPinTypeSSI                           0x000004bd   Thumb Code    28  gpio.o(i.GPIOPinTypeSSI)
    GPIOPinTypeUART                          0x000004d9   Thumb Code    28  gpio.o(i.GPIOPinTypeUART)
    GPIOPinWrite                             0x000004f5   Thumb Code     6  gpio.o(i.GPIOPinWrite)
    InitConsole                              0x000004fd   Thumb Code    62  oled_display_functions.o(i.InitConsole)
    IntEnable                                0x0000054d   Thumb Code    92  interrupt.o(i.IntEnable)
    IntMasterEnable                          0x000005b1   Thumb Code    14  interrupt.o(i.IntMasterEnable)
    SSIBusy                                  0x000005bf   Thumb Code     8  ssi.o(i.SSIBusy)
    SSIConfigSetExpClk                       0x000005c7   Thumb Code    74  ssi.o(i.SSIConfigSetExpClk)
    SSIDataPut                               0x00000611   Thumb Code    12  ssi.o(i.SSIDataPut)
    SSIEnable                                0x0000061d   Thumb Code    10  ssi.o(i.SSIEnable)
    SendStr                                  0x00000629   Thumb Code   102  oled_display_functions.o(i.SendStr)
    SysCtlClockGet                           0x000006ad   Thumb Code   250  sysctl.o(i.SysCtlClockGet)
    SysCtlClockSet                           0x000007b9   Thumb Code   266  sysctl.o(i.SysCtlClockSet)
    SysCtlPeripheralEnable                   0x000008d5   Thumb Code    36  sysctl.o(i.SysCtlPeripheralEnable)
    SysCtlPeripheralPresent                  0x000008fd   Thumb Code    40  sysctl.o(i.SysCtlPeripheralPresent)
    SysTickEnable                            0x00000929   Thumb Code    14  systick.o(i.SysTickEnable)
    SysTickPeriodSet                         0x00000937   Thumb Code    10  systick.o(i.SysTickPeriodSet)
    SysTickValueGet                          0x00000941   Thumb Code     8  systick.o(i.SysTickValueGet)
    SysTick_Handler                          0x00000949   Thumb Code   106  oled_display_functions.o(i.SysTick_Handler)
    UART1IntHandler                          0x000009c5   Thumb Code   142  oled_display_functions.o(i.UART1IntHandler)
    UARTCharGet                              0x00000a71   Thumb Code    12  uart.o(i.UARTCharGet)
    UARTCharPut                              0x00000a7d   Thumb Code    12  uart.o(i.UARTCharPut)
    UARTCharsAvail                           0x00000a89   Thumb Code    10  uart.o(i.UARTCharsAvail)
    UARTClockSourceSet                       0x00000a93   Thumb Code     6  uart.o(i.UARTClockSourceSet)
    UARTConfigSetExpClk                      0x00000a99   Thumb Code   110  uart.o(i.UARTConfigSetExpClk)
    UARTEnable                               0x00000b07   Thumb Code    20  uart.o(i.UARTEnable)
    UARTIntClear                             0x00000b1b   Thumb Code     4  uart.o(i.UARTIntClear)
    UARTIntDisable                           0x00000b1f   Thumb Code    10  uart.o(i.UARTIntDisable)
    UARTIntEnable                            0x00000b29   Thumb Code     8  uart.o(i.UARTIntEnable)
    UARTIntStatus                            0x00000b31   Thumb Code    10  uart.o(i.UARTIntStatus)
    UARTSpaceAvail                           0x00000b3b   Thumb Code    10  uart.o(i.UARTSpaceAvail)
    UARTStdioConfig                          0x00000b45   Thumb Code    70  uartstdio.o(i.UARTStdioConfig)
    UARTprintf                               0x00000b95   Thumb Code    18  uartstdio.o(i.UARTprintf)
    UARTvprintf                              0x00000ba9   Thumb Code   420  uartstdio.o(i.UARTvprintf)
    UARTwrite                                0x00000d5d   Thumb Code    48  uartstdio.o(i.UARTwrite)
    __scatterload_copy                       0x00000d91   Thumb Code    14  handlers.o(i.__scatterload_copy)
    __scatterload_null                       0x00000d9f   Thumb Code     2  handlers.o(i.__scatterload_null)
    __scatterload_zeroinit                   0x00000da1   Thumb Code    14  handlers.o(i.__scatterload_zeroinit)
    begin                                    0x00000daf   Thumb Code   264  oled_display_functions.o(i.begin)
    configureUART1                           0x00000eb9   Thumb Code    82  oled_display_functions.o(i.configureUART1)
    drawChar                                 0x00000f25   Thumb Code   168  oled_display_functions.o(i.drawChar)
    drawPixel                                0x00000fd5   Thumb Code    42  oled_display_functions.o(i.drawPixel)
    fillRect                                 0x00001001   Thumb Code    40  oled_display_functions.o(i.fillRect)
    fillScreen                               0x0000103d   Thumb Code    18  oled_display_functions.o(i.fillScreen)
    goTo                                     0x0000104f   Thumb Code    62  oled_display_functions.o(i.goTo)
    initializeIRInterrupts                   0x0000108d   Thumb Code    98  oled_display_functions.o(i.initializeIRInterrupts)
    initializePins                           0x00001105   Thumb Code   126  oled_display_functions.o(i.initializePins)
    main                                     0x000011c5   Thumb Code  1042  oled_display_functions.o(i.main)
    rawFastHLine                             0x00001675   Thumb Code   104  oled_display_functions.o(i.rawFastHLine)
    rawFillRect                              0x000016dd   Thumb Code   120  oled_display_functions.o(i.rawFillRect)
    writeCommand                             0x00001755   Thumb Code    48  oled_display_functions.o(i.writeCommand)
    writeData                                0x00001789   Thumb Code    28  oled_display_functions.o(i.writeData)
    Region$$Table$$Base                      0x00001f84   Number         0  anon$$obj.o(Region$$Table)
    Region$$Table$$Limit                     0x00001fa4   Number         0  anon$$obj.o(Region$$Table)
    fromUART                                 0x20000008   Data           1  oled_display_functions.o(.data)
    Tx_done                                  0x20000009   Data           1  oled_display_functions.o(.data)
    WIDTH                                    0x2000000c   Data           4  oled_display_functions.o(.data)
    HEIGHT                                   0x20000010   Data           4  oled_display_functions.o(.data)
    remoteCharXValue                         0x20000014   Data           4  oled_display_functions.o(.data)
    remoteCharYValue                         0x20000018   Data           4  oled_display_functions.o(.data)
    charBufferIndex                          0x2000001c   Data           4  oled_display_functions.o(.data)
    edge1                                    0x20000020   Data           4  oled_display_functions.o(.data)
    edge2                                    0x20000024   Data           4  oled_display_functions.o(.data)
    counter                                  0x20000028   Data           4  oled_display_functions.o(.data)
    pulse                                    0x2000002c   Data           4  oled_display_functions.o(.data)
    arrayVals                                0x20000030   Data           4  oled_display_functions.o(.data)
    iTick                                    0x20000034   Data           4  oled_display_functions.o(.data)
    arrayValues                              0x20000038   Data         128  oled_display_functions.o(.bss)
    charBuffer                               0x200000b8   Data         200  oled_display_functions.o(.bss)
    __initial_sp                             0x20000380   Data           0  startup_rvmdk.o(STACK)



==============================================================================

Memory Map of the image

  Image Entry point : 0x0000026d

  Load Region LR_IROM (Base: 0x00000000, Size: 0x00001fdc, Max: 0x00040000, ABSOLUTE)

    Execution Region ER_IROM (Base: 0x00000000, Size: 0x00001fa4, Max: 0x00040000, ABSOLUTE)

    Base Addr    Size         Type   Attr      Idx    E Section Name        Object

    0x00000000   0x00000288   Code   RO            3  * RESET               startup_rvmdk.o
    0x00000288   0x00000000   Code   RO         1427  * .ARM.Collect$$$$00000000  mc_w.l(entry.o)
    0x00000288   0x00000004   Code   RO         1430    .ARM.Collect$$$$00000001  mc_w.l(entry2.o)
    0x0000028c   0x00000004   Code   RO         1433    .ARM.Collect$$$$00000004  mc_w.l(entry5.o)
    0x00000290   0x00000000   Code   RO         1435    .ARM.Collect$$$$00000008  mc_w.l(entry7b.o)
    0x00000290   0x00000000   Code   RO         1437    .ARM.Collect$$$$0000000A  mc_w.l(entry8b.o)
    0x00000290   0x00000008   Code   RO         1438    .ARM.Collect$$$$0000000B  mc_w.l(entry9a.o)
    0x00000298   0x00000000   Code   RO         1440    .ARM.Collect$$$$0000000D  mc_w.l(entry10a.o)
    0x00000298   0x00000000   Code   RO         1442    .ARM.Collect$$$$0000000F  mc_w.l(entry11a.o)
    0x00000298   0x00000004   Code   RO         1431    .ARM.Collect$$$$00002712  mc_w.l(entry2.o)
    0x0000029c   0x00000006   Code   RO          813    .emb_text           driverlib.lib(sysctl.o)
    0x000002a2   0x00000002   PAD
    0x000002a4   0x00000026   Code   RO         1417    .emb_text           driverlib.lib(cpu.o)
    0x000002ca   0x00000002   PAD
    0x000002cc   0x00000024   Code   RO         1444    .text               mc_w.l(init.o)
    0x000002f0   0x00000028   Code   RO          296    i.GPIODirModeSet    driverlib.lib(gpio.o)
    0x00000318   0x00000006   Code   RO          297    i.GPIOIntClear      driverlib.lib(gpio.o)
    0x0000031e   0x0000000e   Code   RO          298    i.GPIOIntDisable    driverlib.lib(gpio.o)
    0x0000032c   0x0000000e   Code   RO          299    i.GPIOIntEnable     driverlib.lib(gpio.o)
    0x0000033a   0x00000050   Code   RO          303    i.GPIOIntTypeSet    driverlib.lib(gpio.o)
    0x0000038a   0x000000b0   Code   RO          306    i.GPIOPadConfigSet  driverlib.lib(gpio.o)
    0x0000043a   0x00000002   PAD
    0x0000043c   0x00000048   Code   RO          307    i.GPIOPinConfigure  driverlib.lib(gpio.o)
    0x00000484   0x0000001c   Code   RO          316    i.GPIOPinTypeGPIOInput  driverlib.lib(gpio.o)
    0x000004a0   0x0000001c   Code   RO          317    i.GPIOPinTypeGPIOOutput  driverlib.lib(gpio.o)
    0x000004bc   0x0000001c   Code   RO          326    i.GPIOPinTypeSSI    driverlib.lib(gpio.o)
    0x000004d8   0x0000001c   Code   RO          328    i.GPIOPinTypeUART   driverlib.lib(gpio.o)
    0x000004f4   0x00000006   Code   RO          331    i.GPIOPinWrite      driverlib.lib(gpio.o)
    0x000004fa   0x00000002   PAD
    0x000004fc   0x00000050   Code   RO           99    i.InitConsole       oled_display_functions.o
    0x0000054c   0x00000064   Code   RO          576    i.IntEnable         driverlib.lib(interrupt.o)
    0x000005b0   0x0000000e   Code   RO          579    i.IntMasterEnable   driverlib.lib(interrupt.o)
    0x000005be   0x00000008   Code   RO          691    i.SSIBusy           driverlib.lib(ssi.o)
    0x000005c6   0x0000004a   Code   RO          694    i.SSIConfigSetExpClk  driverlib.lib(ssi.o)
    0x00000610   0x0000000c   Code   RO          699    i.SSIDataPut        driverlib.lib(ssi.o)
    0x0000061c   0x0000000a   Code   RO          702    i.SSIEnable         driverlib.lib(ssi.o)
    0x00000626   0x00000002   PAD
    0x00000628   0x00000084   Code   RO          100    i.SendStr           oled_display_functions.o
    0x000006ac   0x0000010c   Code   RO          816    i.SysCtlClockGet    driverlib.lib(sysctl.o)
    0x000007b8   0x0000011c   Code   RO          817    i.SysCtlClockSet    driverlib.lib(sysctl.o)
    0x000008d4   0x00000028   Code   RO          837    i.SysCtlPeripheralEnable  driverlib.lib(sysctl.o)
    0x000008fc   0x0000002c   Code   RO          840    i.SysCtlPeripheralPresent  driverlib.lib(sysctl.o)
    0x00000928   0x0000000e   Code   RO         1066    i.SysTickEnable     driverlib.lib(systick.o)
    0x00000936   0x0000000a   Code   RO         1072    i.SysTickPeriodSet  driverlib.lib(systick.o)
    0x00000940   0x00000008   Code   RO         1073    i.SysTickValueGet   driverlib.lib(systick.o)
    0x00000948   0x0000007c   Code   RO          101    i.SysTick_Handler   oled_display_functions.o
    0x000009c4   0x000000ac   Code   RO          102    i.UART1IntHandler   oled_display_functions.o
    0x00000a70   0x0000000c   Code   RO         1134    i.UARTCharGet       driverlib.lib(uart.o)
    0x00000a7c   0x0000000c   Code   RO         1136    i.UARTCharPut       driverlib.lib(uart.o)
    0x00000a88   0x0000000a   Code   RO         1138    i.UARTCharsAvail    driverlib.lib(uart.o)
    0x00000a92   0x00000006   Code   RO         1140    i.UARTClockSourceSet  driverlib.lib(uart.o)
    0x00000a98   0x0000006e   Code   RO         1142    i.UARTConfigSetExpClk  driverlib.lib(uart.o)
    0x00000b06   0x00000014   Code   RO         1147    i.UARTEnable        driverlib.lib(uart.o)
    0x00000b1a   0x00000004   Code   RO         1155    i.UARTIntClear      driverlib.lib(uart.o)
    0x00000b1e   0x0000000a   Code   RO         1156    i.UARTIntDisable    driverlib.lib(uart.o)
    0x00000b28   0x00000008   Code   RO         1157    i.UARTIntEnable     driverlib.lib(uart.o)
    0x00000b30   0x0000000a   Code   RO         1159    i.UARTIntStatus     driverlib.lib(uart.o)
    0x00000b3a   0x0000000a   Code   RO         1171    i.UARTSpaceAvail    driverlib.lib(uart.o)
    0x00000b44   0x00000050   Code   RO            9    i.UARTStdioConfig   uartstdio.o
    0x00000b94   0x00000012   Code   RO           12    i.UARTprintf        uartstdio.o
    0x00000ba6   0x00000002   PAD
    0x00000ba8   0x000001b4   Code   RO           13    i.UARTvprintf       uartstdio.o
    0x00000d5c   0x00000034   Code   RO           14    i.UARTwrite         uartstdio.o
    0x00000d90   0x0000000e   Code   RO         1448    i.__scatterload_copy  mc_w.l(handlers.o)
    0x00000d9e   0x00000002   Code   RO         1449    i.__scatterload_null  mc_w.l(handlers.o)
    0x00000da0   0x0000000e   Code   RO         1450    i.__scatterload_zeroinit  mc_w.l(handlers.o)
    0x00000dae   0x00000108   Code   RO          103    i.begin             oled_display_functions.o
    0x00000eb6   0x00000002   PAD
    0x00000eb8   0x0000006c   Code   RO          104    i.configureUART1    oled_display_functions.o
    0x00000f24   0x000000b0   Code   RO          105    i.drawChar          oled_display_functions.o
    0x00000fd4   0x0000002a   Code   RO          109    i.drawPixel         oled_display_functions.o
    0x00000ffe   0x00000002   PAD
    0x00001000   0x0000003c   Code   RO          110    i.fillRect          oled_display_functions.o
    0x0000103c   0x00000012   Code   RO          111    i.fillScreen        oled_display_functions.o
    0x0000104e   0x0000003e   Code   RO          113    i.goTo              oled_display_functions.o
    0x0000108c   0x00000078   Code   RO          114    i.initializeIRInterrupts  oled_display_functions.o
    0x00001104   0x000000c0   Code   RO          115    i.initializePins    oled_display_functions.o
    0x000011c4   0x000004b0   Code   RO          116    i.main              oled_display_functions.o
    0x00001674   0x00000068   Code   RO          117    i.rawFastHLine      oled_display_functions.o
    0x000016dc   0x00000078   Code   RO          119    i.rawFillRect       oled_display_functions.o
    0x00001754   0x00000034   Code   RO          121    i.writeCommand      oled_display_functions.o
    0x00001788   0x00000020   Code   RO          122    i.writeData         oled_display_functions.o
    0x000017a8   0x0000001c   Data   RO           15    .constdata          uartstdio.o
    0x000017c4   0x000004fb   Data   RO          124    .constdata          oled_display_functions.o
    0x00001cbf   0x00000001   PAD
    0x00001cc0   0x00000138   Data   RO          332    .constdata          driverlib.lib(gpio.o)
    0x00001df8   0x0000010c   Data   RO          592    .constdata          driverlib.lib(interrupt.o)
    0x00001f04   0x0000006c   Data   RO          852    .constdata          driverlib.lib(sysctl.o)
    0x00001f70   0x00000011   Data   RO           16    .conststring        uartstdio.o
    0x00001f81   0x00000003   PAD
    0x00001f84   0x00000020   Data   RO         1446    Region$$Table       anon$$obj.o


    Execution Region RW_IRAM (Base: 0x20000000, Size: 0x00000380, Max: 0x00008000, ABSOLUTE)

    Base Addr    Size         Type   Attr      Idx    E Section Name        Object

    0x20000000   0x00000008   Data   RW           17    .data               uartstdio.o
    0x20000008   0x00000030   Data   RW          125    .data               oled_display_functions.o
    0x20000038   0x00000148   Zero   RW          123    .bss                oled_display_functions.o
    0x20000180   0x00000200   Zero   RW            1    STACK               startup_rvmdk.o


==============================================================================

Image component sizes


      Code (inc. data)   RO Data    RW Data    ZI Data      Debug   Object Name

      3058        404       1275         48        328      14896   oled_display_functions.o
       648        622          0          0        512        276   startup_rvmdk.o
       586         30         45          8          0       9524   uartstdio.o

    ----------------------------------------------------------------------
      4298       1056       1356         56        840      24696   Object Totals
         0          0         32          0          0          0   (incl. Generated)
         6          0          4          0          0          0   (incl. Padding)

    ----------------------------------------------------------------------

      Code (inc. data)   RO Data    RW Data    ZI Data      Debug   Library Member Name

        38          0          0          0          0        504   cpu.o
       520          8        312          0          0       9309   gpio.o
       114          8        268          0          0       1774   interrupt.o
       104          0          0          0          0       1936   ssi.o
       642         44        108          0          0       3964   sysctl.o
        32          0          0          0          0       1237   systick.o
       212          0          0          0          0       5626   uart.o
         0          0          0          0          0          0   entry.o
         0          0          0          0          0          0   entry10a.o
         0          0          0          0          0          0   entry11a.o
         8          4          0          0          0          0   entry2.o
         4          0          0          0          0          0   entry5.o
         0          0          0          0          0          0   entry7b.o
         0          0          0          0          0          0   entry8b.o
         8          4          0          0          0          0   entry9a.o
        30          0          0          0          0          0   handlers.o
        36          8          0          0          0         68   init.o

    ----------------------------------------------------------------------
      1758         76        688          0          0      24418   Library Totals
        10          0          0          0          0          0   (incl. Padding)

    ----------------------------------------------------------------------

      Code (inc. data)   RO Data    RW Data    ZI Data      Debug   Library Name

      1662         60        688          0          0      24350   driverlib.lib
        86         16          0          0          0         68   mc_w.l

    ----------------------------------------------------------------------
      1758         76        688          0          0      24418   Library Totals

    ----------------------------------------------------------------------

==============================================================================


      Code (inc. data)   RO Data    RW Data    ZI Data      Debug   

      6056       1132       2044         56        840      44018   Grand Totals
      6056       1132       2044         56        840      44018   ELF Image Totals
      6056       1132       2044         56          0          0   ROM Totals

==============================================================================

    Total RO  Size (Code + RO Data)                 8100 (   7.91kB)
    Total RW  Size (RW Data + ZI Data)               896 (   0.88kB)
    Total ROM Size (Code + RO Data + RW Data)       8156 (   7.96kB)

==============================================================================

