<html>
<body>
<pre>
<h1>µVision Build Log</h1>
<h2>Tool Versions:</h2>
IDE-Version: µVision V5.12.0.0
Copyright (C) 2014 ARM Ltd and ARM Germany GmbH. All rights reserved.
License Information: ECE Computer Support UC Davis Flex license: MDK-ARM Professional: 100 user(s) (mdk_pro) Operation stops: 8 May 2015
 
Tool Versions:
Toolchain:       MDK-ARM Professional: 100 user(s)  Version: 5.12.0.0
Toolchain Path:  C:\Keil_v5\ARM\ARMCC\Bin
C Compiler:      Armcc.exe V5.05 (build 41)
Assembler:       Armasm.exe V5.05 (build 41)
Linker/Locator:  ArmLink.exe V5.05 (build 41)
Library Manager: ArmAr.exe V5.05 (build 41)
Hex Converter:   FromElf.exe V5.05 (build 41)
CPU DLL:         SARMCM3.DLL V5.12.0.0
Dialog DLL:      DCM.DLL V1.13.0.0
Target DLL:      lmidk-agdi.dll V???
Dialog DLL:      TCM.DLL V1.14.2.0
 
<h2>Project:</h2>
C:\Users\apunj\Desktop\uart_echo\uart_echo.uvproj
Project File Date:  12/11/2014

<h2>Output:</h2>
Rebuild target 'uart_echo'
assembling startup_rvmdk.S...
compiling uart_echo.c...
linking...
Program Size: Code=1884 RO-data=1264 RW-data=0 ZI-data=256  
After Build - User command #1: fromelf --bin --output .\rvmdk\uart_echo.bin .\rvmdk\uart_echo.axf
".\rvmdk\uart_echo.axf" - 0 Error(s), 0 Warning(s).
Load "C:\\Users\\apunj\\Desktop\\uart_echo\\rvmdk\\uart_echo.axf" 
Connecting: Mode=JTAG, Speed=1000000Hz
Erase Done.
Programming Done.
Verify OK.
Load "C:\\Users\\apunj\\Desktop\\uart_echo\\rvmdk\\uart_echo.axf" 
Connecting: Mode=JTAG, Speed=1000000Hz
Erase Done.
Programming Done.
Verify OK.
Load "C:\\Users\\apunj\\Desktop\\uart_echo\\rvmdk\\uart_echo.axf" 
Connecting: Mode=JTAG, Speed=1000000Hz
Erase Done.
Programming Done.
Verify OK.
